// Jest Snapshot v1, https://goo.gl/fbAQLP

exports[`Register it renders 1`] = `undefined`;
